[2026-10-06 13:45:09,455] [INFO] [real_accelerator.py:203:get_accelerator] Setting ds_accelerator to cuda (auto detect)
[93m [WARNING] [0m async_io requires the dev libaio .so object and headers but these were not found.
[93m [WARNING] [0m async_io: please install the libaio-dev package with apt
[93m [WARNING] [0m If libaio is already installed (perhaps from source), try setting the CFLAGS and LDFLAGS environment variables to where it can be found.
[93m [WARNING] [0m Please specify the CUTLASS repo directory as environment variable $CUTLASS_PATH
[93m [WARNING] [0m sparse_attn requires a torch version >= 1.5 and < 2.0 but detected 2.3
[93m [WARNING] [0m using untested triton version (2.3.1), only 1.0.0 is known to be compatible
INFO:dinov3:using base=100 for rope new
INFO:dinov3:using min_period=None for rope new
INFO:dinov3:using max_period=None for rope new
INFO:dinov3:using normalize_coords=separate for rope new
INFO:dinov3:using shift_coords=None for rope new
INFO:dinov3:using rescale_coords=2 for rope new
INFO:dinov3:using jitter_coords=None for rope new
INFO:dinov3:using dtype=fp32 for rope new
INFO:dinov3:using swiglu layer as FFN
Training DINOv3 from scratch...
Using Lite Spatial Prior Module with inplanes=64
10/06 13:46:00 - mmengine - WARNING - Failed to search registry with scope "mmdet" in the "function" registry tree. As a workaround, the current "function" registry in "mmengine" is used to build instance. This may cause unexpected failure when running the built modules. Please check whether "mmdet" is a correct scope, or whether the registry is initialized.
{"effective_config_source": "checkpoint.meta.cfg", "requested_class_count": 30, "class_count": 30, "head": "DFINEHead", "single_image_prior": "zero"}
/mnt/user/share/conda_envs/cuda121torch23/lib/python3.11/site-packages/torch/functional.py:512: UserWarning: torch.meshgrid: in an upcoming release, it will be required to pass the indexing argument. (Triggered internally at /opt/conda/conda-bld/pytorch_1716905969073/work/aten/src/ATen/native/TensorShape.cpp:3587.)
  return _VF.meshgrid(tensors, **kwargs)  # type: ignore[attr-defined]
Processed 1/1
{"status": "passed", "processed_images": 1, "output": "/fast_demo_outputs/20261006_134445_30class_3670c771/predictions"}
